// Jest Snapshot v1, https://goo.gl/fbAQLP

exports[`Header should render correctly 1`] = `
<div>
  <header
    class="todo-image"
  >
    <img
      alt="plants"
      src="todo.jpg"
    />
  </header>
</div>
`;
