// Jest Snapshot v1, https://goo.gl/fbAQLP

exports[`Footer should render correctly 1`] = `
<div>
  <footer
    class="footer"
  >
    Drag and drop to reorder list 
  </footer>
</div>
`;
