// Jest Snapshot v1, https://goo.gl/fbAQLP

exports[`TodoFilter should render correctly 1`] = `
<div>
  <div>
    <button
      class="button undefined"
      type="button"
      value="All"
    >
      All
    </button>
    <button
      class="button undefined"
      type="button"
      value="Active"
    >
      Active
    </button>
    <button
      class="button undefined"
      type="button"
      value="Completed"
    >
      Completed
    </button>
  </div>
</div>
`;
