// Jest Snapshot v1, https://goo.gl/fbAQLP

exports[`App should renders correctly 1`] = `
Array [
  <header
    className="todo-image"
  >
    <img
      alt="plants"
      src="todo.jpg"
    />
  </header>,
  <div
    className="card todo-input"
  >
    <form
      aria-label="form"
      onSubmit={[Function]}
    >
      <input
        checked={true}
        className="round"
        disabled={true}
        type="checkbox"
      />
      <input
        className="text-input"
        onChange={[Function]}
        placeholder="What are you going to do next?"
        type="text"
        value=""
      />
    </form>
  </div>,
  <div
    className="card todos"
  >
    <h3>
      Nothing's here :( Create new todos and get better every day!
    </h3>
    <div
      className="footer"
    >
      <span>
        Well done!
      </span>
      <div>
        <button
          className="button undefined"
          onClick={[Function]}
          type="button"
          value="All"
        >
          All
        </button>
        <button
          className="button undefined"
          onClick={[Function]}
          type="button"
          value="Active"
        >
          Active
        </button>
        <button
          className="button undefined"
          onClick={[Function]}
          type="button"
          value="Completed"
        >
          Completed
        </button>
      </div>
      <button
        className="button undefined"
        onClick={[Function]}
        type="button"
      >
        Clear Completed
      </button>
    </div>
  </div>,
  <footer
    className="footer"
  >
    Drag and drop to reorder list 
  </footer>,
]
`;
